// Jest Snapshot v1, https://goo.gl/fbAQLP

exports[`Alert matches snapshot 1`] = `<!--v-if-->`;
