// Jest Snapshot v1, https://goo.gl/fbAQLP

exports[`Footer.vue matched snapshot 1`] = `
<footer class="sticky-footer margin-top-2rem">
  <div class="container">
    <div class="row text-align-center">
      <div class="col"><small>gobel-admin-client-example is licensed MIT.</small></div>
    </div>
  </div>
</footer>
`;
