// Jest Snapshot v1, https://goo.gl/fbAQLP

exports[`Loader.vue matched snapshot 1`] = `
<div class="loader">
  <div class="spinner">Loading...</div>
</div>
`;
