// Jest Snapshot v1, https://goo.gl/fbAQLP

exports[`Error.vue matched snapshot 1`] = `""`;
