// Jest Snapshot v1, https://goo.gl/fbAQLP

exports[`Pagination.vue matched snapshot 1`] = `<ul></ul>`;
